// Jest Snapshot v1, https://goo.gl/fbAQLP

exports[`Pruebas en GifItem component debe coincidir con el snapshot  1`] = `
<div>
  <div
    class="card"
  >
    <img
      alt="Miércoles"
      src="https://one-punch.com/miercoles.jpg"
    />
    <p>
      Miércoles
    </p>
  </div>
</div>
`;
